WARNING: A restricted method in java.lang.System has been called
WARNING: java.lang.System::load has been called by org.fusesource.jansi.internal.JansiLoader in an unnamed module (file:/C:/Program%20Files/apache-maven-3.9.9/lib/jansi-2.4.1.jar)
WARNING: Use --enable-native-access=ALL-UNNAMED to avoid a warning for callers in this module
WARNING: Restricted methods will be blocked in a future release unless native access is enabled

WARNING: A terminally deprecated method in sun.misc.Unsafe has been called
WARNING: sun.misc.Unsafe::objectFieldOffset has been called by com.google.common.util.concurrent.AbstractFuture$UnsafeAtomicHelper (file:/C:/Program%20Files/apache-maven-3.9.9/lib/guava-33.2.1-jre.jar)
WARNING: Please consider reporting this to the maintainers of class com.google.common.util.concurrent.AbstractFuture$UnsafeAtomicHelper
WARNING: sun.misc.Unsafe::objectFieldOffset will be removed in a future release
[INFO] Scanning for projects...
[INFO] 
[INFO] ---------------< org.example:smart-capstone-management >----------------
[INFO] Building Smart Capstone Management System 1.0.0
[INFO]   from pom.xml
[INFO] --------------------------------[ jar ]---------------------------------
[INFO] 
[INFO] --- resources:3.3.1:resources (default-resources) @ smart-capstone-management ---
[INFO] Copying 2 resources from src\main\resources to target\classes
[INFO] Copying 1 resource from src\main\resources to target\classes
[INFO] 
[INFO] --- compiler:3.14.0:compile (default-compile) @ smart-capstone-management ---
[INFO] Recompiling the module because of changed source code.
[INFO] Compiling 38 source files with javac [forked debug parameters release 17] to target\classes
[INFO] -------------------------------------------------------------
[ERROR] COMPILATION ERROR : 
[INFO] -------------------------------------------------------------
[ERROR] WARNING: A terminally deprecated method in sun.misc.Unsafe has been called
WARNING: sun.misc.Unsafe:objectFieldOffset has been called by lombok.permit.Permit
WARNING: Please consider reporting this to the maintainers of class lombok.permit.Permit
WARNING: sun.misc.Unsafe:objectFieldOffset will be removed in a future release
D:\sab\swd\capstone-project-registration-tool\backend\src\main\java\org\example\backend\config\DataInitializer.java:[151,32] error: incompatible types: int cannot be converted to Double
[ERROR] D:\sab\swd\capstone-project-registration-tool\backend\src\main\java\org\example\backend\config\DataInitializer.java:[228,63] error: incompatible types: int cannot be converted to Double
[ERROR] D:\sab\swd\capstone-project-registration-tool\backend\src\main\java\org\example\backend\config\DataInitializer.java:[234,63] error: incompatible types: int cannot be converted to Double
[INFO] 3 errors 
[INFO] -------------------------------------------------------------
[INFO] ------------------------------------------------------------------------
[INFO] BUILD FAILURE
[INFO] ------------------------------------------------------------------------
[INFO] Total time:  19.498 s
[INFO] Finished at: 2026-03-14T08:10:58+07:00
[INFO] ------------------------------------------------------------------------
[ERROR] Failed to execute goal org.apache.maven.plugins:maven-compiler-plugin:3.14.0:compile (default-compile) on project smart-capstone-management: Compilation failure: Compilation failure: 
[ERROR] WARNING: A terminally deprecated method in sun.misc.Unsafe has been called
[ERROR] WARNING: sun.misc.Unsafe:objectFieldOffset has been called by lombok.permit.Permit
[ERROR] WARNING: Please consider reporting this to the maintainers of class lombok.permit.Permit
[ERROR] WARNING: sun.misc.Unsafe:objectFieldOffset will be removed in a future release
[ERROR] D:\sab\swd\capstone-project-registration-tool\backend\src\main\java\org\example\backend\config\DataInitializer.java:[151,32] error: incompatible types: int cannot be converted to Double
[ERROR] D:\sab\swd\capstone-project-registration-tool\backend\src\main\java\org\example\backend\config\DataInitializer.java:[228,63] error: incompatible types: int cannot be converted to Double
[ERROR] D:\sab\swd\capstone-project-registration-tool\backend\src\main\java\org\example\backend\config\DataInitializer.java:[234,63] error: incompatible types: int cannot be converted to Double
[ERROR] -> [Help 1]
[ERROR] 
[ERROR] To see the full stack trace of the errors, re-run Maven with the -e switch.
[ERROR] Re-run Maven using the -X switch to enable full debug logging.
[ERROR] 
[ERROR] For more information about the errors and possible solutions, please read the following articles:
[ERROR] [Help 1] http://cwiki.apache.org/confluence/display/MAVEN/MojoFailureException
