mvn : WARNING: A restricted method in 
java.lang.System has been called
At line:1 char:1
+ mvn spring-boot:run > 
error_boot.log 2>&1
+ ~~~~~~~~~~~~~~~~~~~~~~~~~~~~~~~~~~~~
~~~~~
    + CategoryInfo          : NotSpec 
   ified: (WARNING: A rest...has bee  
  n called:String) [], RemoteExcept   
 ion
    + FullyQualifiedErrorId : NativeC 
   ommandError
 
WARNING: java.lang.System::load has 
been called by org.fusesource.jansi.in
ternal.JansiLoader in an unnamed 
module (file:/C:/Program%20Files/apach
e-maven-3.9.9/lib/jansi-2.4.1.jar)
WARNING: Use 
--enable-native-access=ALL-UNNAMED to 
avoid a warning for callers in this 
module
WARNING: Restricted methods will be 
blocked in a future release unless 
native access is enabled

WARNING: A terminally deprecated 
method in sun.misc.Unsafe has been 
called
WARNING: 
sun.misc.Unsafe::objectFieldOffset 
has been called by com.google.common.u
til.concurrent.AbstractFuture$UnsafeAt
omicHelper (file:/C:/Program%20Files/a
pache-maven-3.9.9/lib/guava-33.2.1-jre
.jar)
WARNING: Please consider reporting 
this to the maintainers of class com.g
oogle.common.util.concurrent.AbstractF
uture$UnsafeAtomicHelper
WARNING: 
sun.misc.Unsafe::objectFieldOffset 
will be removed in a future release
[INFO] Scanning for projects...
[INFO] 
[INFO] ---------------< org.example:smart-capstone-management >----------------
[INFO] Building Smart Capstone Management System 1.0.0
[INFO]   from pom.xml
[INFO] --------------------------------[ jar ]---------------------------------
[INFO] 
[INFO] >>> spring-boot:3.4.1:run (default-cli) > test-compile @ smart-capstone-management >>>
[INFO] 
[INFO] --- resources:3.3.1:resources (default-resources) @ smart-capstone-management ---
[INFO] Copying 2 resources from src\main\resources to target\classes
[INFO] Copying 1 resource from src\main\resources to target\classes
[INFO] 
[INFO] --- compiler:3.14.0:compile (default-compile) @ smart-capstone-management ---
[INFO] Nothing to compile - all classes are up to date.
[INFO] 
[INFO] --- resources:3.3.1:testResources (default-testResources) @ smart-capstone-management ---
[INFO] skip non existing resourceDirectory D:\sab\swd\capstone-project-registration-tool\backend\src\test\resources
[INFO] 
[INFO] --- compiler:3.14.0:testCompile (default-testCompile) @ smart-capstone-management ---
[INFO] Nothing to compile - all classes are up to date.
[INFO] 
[INFO] <<< spring-boot:3.4.1:run (default-cli) < test-compile @ smart-capstone-management <<<
[INFO] 
[INFO] 
[INFO] --- spring-boot:3.4.1:run (default-cli) @ smart-capstone-management ---
[INFO] Attaching agents: []

  .   ____          _            __ _ _
 /\\ / ___'_ __ _ _(_)_ __  __ _ \ \ \ \
( ( )\___ | '_ | '_| | '_ \/ _` | \ \ \ \
 \\/  ___)| |_)| | | | | || (_| |  ) ) ) )
  '  |____| .__|_| |_|_| |_\__, | / / / /
 =========|_|==============|___/=/_/_/_/

 :: Spring Boot ::                (v3.4.1)

2026-03-17T12:15:44.395+07:00  INFO 11960 --- [smart-capstone-management] [  restartedMain] org.example.backend.BackendApplication   : Starting BackendApplication using Java 24.0.1 with PID 11960 (D:\sab\swd\capstone-project-registration-tool\backend\target\classes started by NhuTruong in D:\sab\swd\capstone-project-registration-tool\backend)
2026-03-17T12:15:44.396+07:00  INFO 11960 --- [smart-capstone-management] [  restartedMain] org.example.backend.BackendApplication   : No active profile set, falling back to 1 default profile: "default"
2026-03-17T12:15:44.428+07:00  INFO 11960 --- [smart-capstone-management] [  restartedMain] .e.DevToolsPropertyDefaultsPostProcessor : Devtools property defaults active! Set 'spring.devtools.add-properties' to 'false' to disable
2026-03-17T12:15:44.428+07:00  INFO 11960 --- [smart-capstone-management] [  restartedMain] .e.DevToolsPropertyDefaultsPostProcessor : For additional web related logging consider setting the 'logging.level.web' property to 'DEBUG'
2026-03-17T12:15:44.905+07:00  INFO 11960 --- [smart-capstone-management] [  restartedMain] .s.d.r.c.RepositoryConfigurationDelegate : Bootstrapping Spring Data JPA repositories in DEFAULT mode.
2026-03-17T12:15:44.953+07:00  INFO 11960 --- [smart-capstone-management] [  restartedMain] .s.d.r.c.RepositoryConfigurationDelegate : Finished Spring Data repository scanning in 42 ms. Found 7 JPA repository interfaces.
WARNING: A restricted method in java.lang.System has been called
WARNING: java.lang.System::load has been called by org.apache.tomcat.jni.Library in an unnamed module (file:/C:/Users/NhuTruong/.m2/repository/org/apache/tomcat/embed/tomcat-embed-core/10.1.34/tomcat-embed-core-10.1.34.jar)
WARNING: Use --enable-native-access=ALL-UNNAMED to avoid a warning for callers in this module
WARNING: Restricted methods will be blocked in a future release unless native access is enabled

2026-03-17T12:15:45.381+07:00  INFO 11960 --- [smart-capstone-management] [  restartedMain] o.s.b.w.embedded.tomcat.TomcatWebServer  : Tomcat initialized with port 8080 (http)
2026-03-17T12:15:45.391+07:00  INFO 11960 --- [smart-capstone-management] [  restartedMain] o.apache.catalina.core.StandardService   : Starting service [Tomcat]
2026-03-17T12:15:45.391+07:00  INFO 11960 --- [smart-capstone-management] [  restartedMain] o.apache.catalina.core.StandardEngine    : Starting Servlet engine: [Apache Tomcat/10.1.34]
2026-03-17T12:15:45.423+07:00  INFO 11960 --- [smart-capstone-management] [  restartedMain] o.a.c.c.C.[Tomcat].[localhost].[/]       : Initializing Spring embedded WebApplicationContext
2026-03-17T12:15:45.423+07:00  INFO 11960 --- [smart-capstone-management] [  restartedMain] w.s.c.ServletWebServerApplicationContext : Root WebApplicationContext: initialization completed in 995 ms
2026-03-17T12:15:45.531+07:00  INFO 11960 --- [smart-capstone-management] [  restartedMain] o.hibernate.jpa.internal.util.LogHelper  : HHH000204: Processing PersistenceUnitInfo [name: default]
2026-03-17T12:15:45.560+07:00  INFO 11960 --- [smart-capstone-management] [  restartedMain] org.hibernate.Version                    : HHH000412: Hibernate ORM core version 6.6.4.Final
2026-03-17T12:15:45.579+07:00  INFO 11960 --- [smart-capstone-management] [  restartedMain] o.h.c.internal.RegionFactoryInitiator    : HHH000026: Second-level cache disabled
2026-03-17T12:15:45.730+07:00  INFO 11960 --- [smart-capstone-management] [  restartedMain] o.s.o.j.p.SpringPersistenceUnitInfo      : No LoadTimeWeaver setup: ignoring JPA class transformer
2026-03-17T12:15:45.747+07:00  INFO 11960 --- [smart-capstone-management] [  restartedMain] com.zaxxer.hikari.HikariDataSource       : HikariPool-1 - Starting...
2026-03-17T12:15:46.003+07:00  INFO 11960 --- [smart-capstone-management] [  restartedMain] com.zaxxer.hikari.pool.HikariPool        : HikariPool-1 - Added connection ConnectionID:1 ClientConnectionId: f1c3014e-91e2-49bf-bcb6-bfbe0c797659
2026-03-17T12:15:46.006+07:00  INFO 11960 --- [smart-capstone-management] [  restartedMain] com.zaxxer.hikari.HikariDataSource       : HikariPool-1 - Start completed.
2026-03-17T12:15:46.340+07:00  WARN 11960 --- [smart-capstone-management] [  restartedMain] org.hibernate.orm.deprecation            : HHH90000025: SQLServerDialect does not need to be specified explicitly using 'hibernate.dialect' (remove the property setting and it will be selected by default)
2026-03-17T12:15:46.354+07:00  INFO 11960 --- [smart-capstone-management] [  restartedMain] org.hibernate.orm.connections.pooling    : HHH10001005: Database info:
	Database JDBC URL [Connecting through datasource 'HikariDataSource (HikariPool-1)']
	Database driver: undefined/unknown
	Database version: 16.0
	Autocommit mode: undefined/unknown
	Isolation level: undefined/unknown
	Minimum pool size: undefined/unknown
	Maximum pool size: undefined/unknown
2026-03-17T12:15:47.021+07:00  INFO 11960 --- [smart-capstone-management] [  restartedMain] o.h.e.t.j.p.i.JtaPlatformInitiator       : HHH000489: No JTA platform available (set 'hibernate.transaction.jta.platform' to enable JTA platform integration)
2026-03-17T12:15:47.479+07:00  INFO 11960 --- [smart-capstone-management] [  restartedMain] j.LocalContainerEntityManagerFactoryBean : Initialized JPA EntityManagerFactory for persistence unit 'default'
2026-03-17T12:15:47.746+07:00  INFO 11960 --- [smart-capstone-management] [  restartedMain] o.s.d.j.r.query.QueryEnhancerFactory     : Hibernate is in classpath; If applicable, HQL parser will be used.
2026-03-17T12:15:48.250+07:00  WARN 11960 --- [smart-capstone-management] [  restartedMain] JpaBaseConfiguration$JpaWebConfiguration : spring.jpa.open-in-view is enabled by default. Therefore, database queries may be performed during view rendering. Explicitly configure spring.jpa.open-in-view to disable this warning
2026-03-17T12:15:48.597+07:00  WARN 11960 --- [smart-capstone-management] [  restartedMain] o.s.b.d.a.OptionalLiveReloadServer       : Unable to start LiveReload server
2026-03-17T12:15:48.610+07:00  WARN 11960 --- [smart-capstone-management] [  restartedMain] ConfigServletWebServerApplicationContext : Exception encountered during context initialization - cancelling refresh attempt: org.springframework.context.ApplicationContextException: Failed to start bean 'webServerStartStop'
2026-03-17T12:15:48.612+07:00  INFO 11960 --- [smart-capstone-management] [  restartedMain] j.LocalContainerEntityManagerFactoryBean : Closing JPA EntityManagerFactory for persistence unit 'default'
2026-03-17T12:15:48.613+07:00  INFO 11960 --- [smart-capstone-management] [  restartedMain] com.zaxxer.hikari.HikariDataSource       : HikariPool-1 - Shutdown initiated...
2026-03-17T12:15:48.618+07:00  INFO 11960 --- [smart-capstone-management] [  restartedMain] com.zaxxer.hikari.HikariDataSource       : HikariPool-1 - Shutdown completed.
2026-03-17T12:15:48.626+07:00  INFO 11960 --- [smart-capstone-management] [  restartedMain] .s.b.a.l.ConditionEvaluationReportLogger : 

Error starting ApplicationContext. To display the condition evaluation report re-run your application with 'debug' enabled.
2026-03-17T12:15:48.641+07:00 ERROR 11960 --- [smart-capstone-management] [  restartedMain] o.s.b.d.LoggingFailureAnalysisReporter   : 

***************************
APPLICATION FAILED TO START
***************************

Description:

Web server failed to start. Port 8080 was already in use.

Action:

Identify and stop the process that's listening on port 8080 or configure this application to listen on another port.

[INFO] ------------------------------------------------------------------------
[INFO] BUILD SUCCESS
[INFO] ------------------------------------------------------------------------
[INFO] Total time:  6.230 s
[INFO] Finished at: 2026-03-17T12:15:48+07:00
[INFO] ------------------------------------------------------------------------
